[recoverykings.net/index.html]
[backblue.gif]
[fade.gif]
[index.html]
[cdn.rawgit.com/index.html]
[c0.wp.com/c/5.8/wp-includes/css/dist/block-library/style.min.css]
[fonts.googleapis.com/index.html]
[c0.wp.com/c/5.8/wp-includes/js/mediaelement/mediaelementplayer-legacy.min.css]
[c0.wp.com/c/5.8/wp-includes/js/mediaelement/wp-mediaelement.min.css]
[c0.wp.com/p/woocommerce/5.6.0/packages/woocommerce-blocks/build/wc-blocks-vendors-style.css]
[c0.wp.com/p/woocommerce/5.6.0/packages/woocommerce-blocks/build/wc-blocks-style.css]
[recoverykings.net/wp-content/plugins/woo-conditional-product-fees-for-checkout/public/css/woocommerce-conditional-product-fees-for-checkout-public3ab2.css]
[recoverykings.net/wp-content/plugins/woocustomizer/assets/css/frontend95b8.css]
[recoverykings.net/wp-content/plugins/woomotiv/css/front.min3d36.css]
[recoverykings.net/feed/index.html]
[recoverykings.net/home/feed/index.html]
[recoverykings.net/comments/feed/index.html]
[cdn.rawgit.com/mfd/09b70eb47474836f25a21660282ce0fd/raw/e06a670afcb2b861ed2ac4a1ef752d062ef6b46b/Gilroy5d0a.css]
[recoverykings.net/wp-content/themes/leverage/assets/css/vendor/bootstrap.min5d0a.css]
[recoverykings.net/wp-content/themes/leverage/assets/css/vendor/slider.min5d0a.css]
[recoverykings.net/wp-content/themes/leverage/style5d0a.css]
[recoverykings.net/wp-content/themes/leverage/assets/css/vendor/icons.min5d0a.css]
[recoverykings.net/wp-content/themes/leverage/assets/css/vendor/animation.min5d0a.css]
[recoverykings.net/wp-content/themes/leverage/assets/css/vendor/gallery.min5d0a.css]
[recoverykings.net/wp-content/themes/leverage/assets/css/vendor/cookie-notice.min5d0a.css]
[recoverykings.net/wp-content/themes/leverage/assets/css/default5d0a.css]
[recoverykings.net/wp-content/themes/leverage/assets/css/theme-yellow5d0a.css]
[recoverykings.net/wp-content/themes/leverage/assets/css/support/wordpress5d0a.css]
[recoverykings.net/wp-content/themes/leverage/assets/css/support/woocommerce5d0a.css]
[c0.wp.com/p/jetpack/10.0/css/jetpack.css]
[c0.wp.com/c/5.8/wp-includes/js/jquery/jquery.min.js]
[c0.wp.com/c/5.8/wp-includes/js/jquery/jquery-migrate.min.js]
[recoverykings.net/wp-content/plugins/woo-conditional-product-fees-for-checkout/public/js/woocommerce-conditional-product-fees-for-checkout-public3ab2.js]
[recoverykings.net/wp-content/plugins/woo-discount-rules/v2/Assets/Js/site_main.min7e78.js]
[recoverykings.net/wp-content/plugins/woo-discount-rules/v2/Assets/Js/awdr-dynamic-price.min7e78.js]
[stats.wp.com/s-202135.js]
[recoverykings.net/wp-json/wp/v2/pages/2.json]
[recoverykings.net/wp-json/index.html]
[recoverykings.net/xmlrpc0db0.php]
[recoverykings.net/wp-includes/wlwmanifest.xml]
[recoverykings.net/wp-json/oembed/1.0/embed8b76.json]
[recoverykings.net/wp-json/oembed/1.0/embed7e69]
[recoverykings.net/xmlrpc.23.delayed]
[i0.wp.com/recoverykings.net/wp-content/uploads/2021/05/cropped-New_Recovery_Kingse43b.png]
[i0.wp.com/recoverykings.net/wp-content/uploads/2021/05/cropped-New_Recovery_Kings98d8.png]
[i0.wp.com/recoverykings.net/wp-content/uploads/2021/05/cropped-New_Recovery_Kingsf9b5.png]
[i0.wp.com/recoverykings.net/wp-content/uploads/2021/05/cropped-New_Recovery_Kings1ba8.png]
[recoverykings.net/shop/index.html]
[recoverykings.net/product/impulse/index.html]
[recoverykings.net/product-category/gta-mod-menus/index.html]
[recoverykings.net/product/2take1/index.html]
[recoverykings.net/discord.html]
[recoverykings.net/product/cherax/index.html]
[recoverykings.net/product/delusion/index.html]
[recoverykings.net/wp-content/uploads/2021/07/Space-Drive-Free-Download-1-1.mp4]
[recoverykings.net/product/fragment/index.html]
[recoverykings.net/product/0xcheats-gtav/index.html]
[recoverykings.net/product/midnight/index.html]
[i1.wp.com/recoverykings.net/wp-content/uploads/2021/05/index_bgac106.jpg]
[recoverykings.net/product/ilusion-engine/index.html]
[recoverykings.net/product/oxid/index.html]
[recoverykings.net/product/raiden/index.html]
[i2.wp.com/recoverykings.net/wp-content/uploads/2021/05/2891158.2bc106.delayed]
[recoverykings.net/product/ovix/index.html]
[recoverykings.net/product-category/rdr2-mod-menus/index.html]
[recoverykings.net/product/0xcheats-rdr2/index.html]
[recoverykings.net/product-category/rp-mod-menus/index.html]
[recoverykings.net/product/redengine/index.html]
[recoverykings.net/product/0xcheats-ragemp-full/index.html]
[recoverykings.net/product/lucifer/index.html]
[recoverykings.net/product-category/accounts/index.html]
[recoverykings.net/product/gta-accounts/index.html]
[consent.youtube.com/ml9f13.html]
[recoverykings.net/product-category/tools/index.html]
[recoverykings.net/product/netflix/index.html]
[i0.wp.com/recoverykings.net/wp-content/uploads/2021/05/s9biyhs4lix61465b.jpg]
[recoverykings.net/product/spotify/index.html]
[recoverykings.net/paypal/index.html]
[recoverykings.net/free-mod-menus/index.html]
[recoverykings.net/help-section/index.html]
[recoverykings.net/my-account/index.html]
[recoverykings.net/terms-and-conditions/index.html]
[consent.youtube.com/ml3834.html]
[recoverykings.net/privacy-policy/index.html]
[imber.cc/discord.html]
[embed.tawk.to/603aa5b4385de407571ac6cb/1evihei96.js]
[c0.wp.com/p/jetpack/10.0/_inc/build/photon/photon.min.js]
[c0.wp.com/p/woocommerce/5.6.0/assets/js/jquery-blockui/jquery.blockUI.min.js]
[c0.wp.com/p/woocommerce/5.6.0/assets/js/frontend/add-to-cart.min.js]
[c0.wp.com/p/woocommerce/5.6.0/assets/js/js-cookie/js.cookie.min.js]
[c0.wp.com/p/woocommerce/5.6.0/assets/js/frontend/woocommerce.min.js]
[c0.wp.com/p/woocommerce/5.6.0/assets/js/frontend/cart-fragments.min.js]
[recoverykings.net/wp-content/plugins/woomotiv/js/front.min3d36.js]
[recoverykings.net/wp-content/themes/leverage/assets/js/vendor/jquery.easing.min5d0a.js]
[recoverykings.net/wp-content/themes/leverage/assets/js/vendor/jquery.inview.min5d0a.js]
[recoverykings.net/wp-content/themes/leverage/assets/js/vendor/popper.min5d0a.js]
[recoverykings.net/wp-content/themes/leverage/assets/js/vendor/bootstrap.min5d0a.js]
[recoverykings.net/wp-content/themes/leverage/assets/js/vendor/ponyfill.min5d0a.js]
[recoverykings.net/wp-content/themes/leverage/assets/js/vendor/slider.min5d0a.js]
[recoverykings.net/wp-content/themes/leverage/assets/js/vendor/animation.min5d0a.js]
[recoverykings.net/wp-content/themes/leverage/assets/js/vendor/progress-radial.min5d0a.js]
[recoverykings.net/wp-content/themes/leverage/assets/js/vendor/bricklayer.min5d0a.js]
[recoverykings.net/wp-content/themes/leverage/assets/js/vendor/gallery.min5d0a.js]
[recoverykings.net/wp-content/themes/leverage/assets/js/vendor/shuffle.min5d0a.js]
[recoverykings.net/wp-content/themes/leverage/assets/js/vendor/particles.min5d0a.js]
[recoverykings.net/wp-content/themes/leverage/assets/js/vendor/cookie-notice.min5d0a.js]
[recoverykings.net/wp-content/themes/leverage/assets/js/main5d0a.js]
[c0.wp.com/c/5.8/wp-includes/js/comment-reply.min.js]
[c0.wp.com/c/5.8/wp-includes/js/wp-embed.min.js]
[recoverykings.net/index.html]
[stats.wp.com/index.html]
[stats.wp.com/e-202135.js]
[cdn.rawgit.com/index.html]
[fonts.googleapis.com/index.html]
[s.w.org/index.html]
[i0.wp.com/index.html]
[i1.wp.com/index.html]
[i2.wp.com/index.html]
[c0.wp.com/index.html]
[c0.wp.com/c/5.8/wp-includes/css/dist/block-library/style.min.css]
[c0.wp.com/c/5.8/wp-includes/js/mediaelement/mediaelementplayer-legacy.min.css]
[c0.wp.com/c/5.8/wp-includes/js/mediaelement/wp-mediaelement.min.css]
[c0.wp.com/p/woocommerce/5.6.0/packages/woocommerce-blocks/build/wc-blocks-vendors-style.css]
[c0.wp.com/p/woocommerce/5.6.0/packages/woocommerce-blocks/build/wc-blocks-style.css]
[recoverykings.net/wp-content/plugins/woo-conditional-product-fees-for-checkout/public/css/woocommerce-conditional-product-fees-for-checkout-public3ab2.css]
[c0.wp.com/c/5.8/wp-includes/js/mediaelement/mejs-controls.svg]
[recoverykings.net/wp-content/plugins/woocustomizer/assets/images/loader.gif]
[recoverykings.net/wp-content/plugins/woocustomizer/assets/images/stats-icon.png]
[recoverykings.net/wp-content/plugins/woocustomizer/assets/images/close-icon.png]
[recoverykings.net/wp-content/plugins/woocustomizer/assets/css/frontend95b8.css]
[recoverykings.net/wp-content/plugins/woomotiv/fonts/woomotiv169c.ttf]
[recoverykings.net/wp-content/plugins/woomotiv/fonts/woomotiv169c.woff]
[recoverykings.net/wp-content/plugins/woomotiv/fonts/woomotiv169c.svg]
[recoverykings.net/wp-content/plugins/woomotiv/css/front.min3d36.css]
[recoverykings.net/wp-content/plugins/woo-discount-rules/v2/Assets/Css/customize-table.min7e78.css]
[recoverykings.net/wp-content/plugins/scrollbar-by-webxapp/assets/css/style1576.css]
[cdn.rawgit.com/mfd/09b70eb47474836f25a21660282ce0fd/raw/e06a670afcb2b861ed2ac4a1ef752d062ef6b46b/Gilroy-Extrabold.eot]
[cdn.rawgit.com/mfd/09b70eb47474836f25a21660282ce0fd/raw/e06a670afcb2b861ed2ac4a1ef752d062ef6b46b/Gilroy-Extraboldd41d.eot]
[cdn.rawgit.com/mfd/09b70eb47474836f25a21660282ce0fd/raw/e06a670afcb2b861ed2ac4a1ef752d062ef6b46b/Gilroy-Extrabold.woff]
[cdn.rawgit.com/mfd/09b70eb47474836f25a21660282ce0fd/raw/e06a670afcb2b861ed2ac4a1ef752d062ef6b46b/Gilroy-Extrabold.ttf]
[cdn.rawgit.com/mfd/09b70eb47474836f25a21660282ce0fd/raw/e06a670afcb2b861ed2ac4a1ef752d062ef6b46b/Gilroy-UltraLightItalic.eot]
[cdn.rawgit.com/mfd/09b70eb47474836f25a21660282ce0fd/raw/e06a670afcb2b861ed2ac4a1ef752d062ef6b46b/Gilroy-UltraLightItalicd41d.eot]
[cdn.rawgit.com/mfd/09b70eb47474836f25a21660282ce0fd/raw/e06a670afcb2b861ed2ac4a1ef752d062ef6b46b/Gilroy-UltraLightItalic.woff]
[cdn.rawgit.com/mfd/09b70eb47474836f25a21660282ce0fd/raw/e06a670afcb2b861ed2ac4a1ef752d062ef6b46b/Gilroy-UltraLightItalic.ttf]
[cdn.rawgit.com/mfd/09b70eb47474836f25a21660282ce0fd/raw/e06a670afcb2b861ed2ac4a1ef752d062ef6b46b/Gilroy-BoldItalic.eot]
[cdn.rawgit.com/mfd/09b70eb47474836f25a21660282ce0fd/raw/e06a670afcb2b861ed2ac4a1ef752d062ef6b46b/Gilroy-BoldItalicd41d.eot]
[cdn.rawgit.com/mfd/09b70eb47474836f25a21660282ce0fd/raw/e06a670afcb2b861ed2ac4a1ef752d062ef6b46b/Gilroy-BoldItalic.woff]
[cdn.rawgit.com/mfd/09b70eb47474836f25a21660282ce0fd/raw/e06a670afcb2b861ed2ac4a1ef752d062ef6b46b/Gilroy-BoldItalic.ttf]
[cdn.rawgit.com/mfd/09b70eb47474836f25a21660282ce0fd/raw/e06a670afcb2b861ed2ac4a1ef752d062ef6b46b/Gilroy-Semibold.eot]
[cdn.rawgit.com/mfd/09b70eb47474836f25a21660282ce0fd/raw/e06a670afcb2b861ed2ac4a1ef752d062ef6b46b/Gilroy-Semiboldd41d.eot]
[cdn.rawgit.com/mfd/09b70eb47474836f25a21660282ce0fd/raw/e06a670afcb2b861ed2ac4a1ef752d062ef6b46b/Gilroy-Semibold.woff]
[cdn.rawgit.com/mfd/09b70eb47474836f25a21660282ce0fd/raw/e06a670afcb2b861ed2ac4a1ef752d062ef6b46b/Gilroy-Semibold.ttf]
[cdn.rawgit.com/mfd/09b70eb47474836f25a21660282ce0fd/raw/e06a670afcb2b861ed2ac4a1ef752d062ef6b46b/Gilroy-BlackItalic.eot]
[cdn.rawgit.com/mfd/09b70eb47474836f25a21660282ce0fd/raw/e06a670afcb2b861ed2ac4a1ef752d062ef6b46b/Gilroy-BlackItalicd41d.eot]
[cdn.rawgit.com/mfd/09b70eb47474836f25a21660282ce0fd/raw/e06a670afcb2b861ed2ac4a1ef752d062ef6b46b/Gilroy-BlackItalic.woff]
[cdn.rawgit.com/mfd/09b70eb47474836f25a21660282ce0fd/raw/e06a670afcb2b861ed2ac4a1ef752d062ef6b46b/Gilroy-BlackItalic.ttf]
[cdn.rawgit.com/mfd/09b70eb47474836f25a21660282ce0fd/raw/e06a670afcb2b861ed2ac4a1ef752d062ef6b46b/Gilroy-ThinItalic.eot]
[cdn.rawgit.com/mfd/09b70eb47474836f25a21660282ce0fd/raw/e06a670afcb2b861ed2ac4a1ef752d062ef6b46b/Gilroy-ThinItalicd41d.eot]
[cdn.rawgit.com/mfd/09b70eb47474836f25a21660282ce0fd/raw/e06a670afcb2b861ed2ac4a1ef752d062ef6b46b/Gilroy-ThinItalic.woff]
[cdn.rawgit.com/mfd/09b70eb47474836f25a21660282ce0fd/raw/e06a670afcb2b861ed2ac4a1ef752d062ef6b46b/Gilroy-ThinItalic.ttf]
[cdn.rawgit.com/mfd/09b70eb47474836f25a21660282ce0fd/raw/e06a670afcb2b861ed2ac4a1ef752d062ef6b46b/Gilroy-ExtraboldItalic.eot]
[cdn.rawgit.com/mfd/09b70eb47474836f25a21660282ce0fd/raw/e06a670afcb2b861ed2ac4a1ef752d062ef6b46b/Gilroy-ExtraboldItalicd41d.eot]
[cdn.rawgit.com/mfd/09b70eb47474836f25a21660282ce0fd/raw/e06a670afcb2b861ed2ac4a1ef752d062ef6b46b/Gilroy-ExtraboldItalic.woff]
[cdn.rawgit.com/mfd/09b70eb47474836f25a21660282ce0fd/raw/e06a670afcb2b861ed2ac4a1ef752d062ef6b46b/Gilroy-ExtraboldItalic.ttf]
[cdn.rawgit.com/mfd/09b70eb47474836f25a21660282ce0fd/raw/e06a670afcb2b861ed2ac4a1ef752d062ef6b46b/Gilroy-Black.eot]
[cdn.rawgit.com/mfd/09b70eb47474836f25a21660282ce0fd/raw/e06a670afcb2b861ed2ac4a1ef752d062ef6b46b/Gilroy-Blackd41d.eot]
[cdn.rawgit.com/mfd/09b70eb47474836f25a21660282ce0fd/raw/e06a670afcb2b861ed2ac4a1ef752d062ef6b46b/Gilroy-Black.woff]
[cdn.rawgit.com/mfd/09b70eb47474836f25a21660282ce0fd/raw/e06a670afcb2b861ed2ac4a1ef752d062ef6b46b/Gilroy-Black.ttf]
[cdn.rawgit.com/mfd/09b70eb47474836f25a21660282ce0fd/raw/e06a670afcb2b861ed2ac4a1ef752d062ef6b46b/Gilroy-HeavyItalic.eot]
[cdn.rawgit.com/mfd/09b70eb47474836f25a21660282ce0fd/raw/e06a670afcb2b861ed2ac4a1ef752d062ef6b46b/Gilroy-HeavyItalicd41d.eot]
[cdn.rawgit.com/mfd/09b70eb47474836f25a21660282ce0fd/raw/e06a670afcb2b861ed2ac4a1ef752d062ef6b46b/Gilroy-HeavyItalic.woff]
[cdn.rawgit.com/mfd/09b70eb47474836f25a21660282ce0fd/raw/e06a670afcb2b861ed2ac4a1ef752d062ef6b46b/Gilroy-HeavyItalic.ttf]
[cdn.rawgit.com/mfd/09b70eb47474836f25a21660282ce0fd/raw/e06a670afcb2b861ed2ac4a1ef752d062ef6b46b/Gilroy-Regular.eot]
[cdn.rawgit.com/mfd/09b70eb47474836f25a21660282ce0fd/raw/e06a670afcb2b861ed2ac4a1ef752d062ef6b46b/Gilroy-Regulard41d.eot]
[cdn.rawgit.com/mfd/09b70eb47474836f25a21660282ce0fd/raw/e06a670afcb2b861ed2ac4a1ef752d062ef6b46b/Gilroy-Regular.woff]
[cdn.rawgit.com/mfd/09b70eb47474836f25a21660282ce0fd/raw/e06a670afcb2b861ed2ac4a1ef752d062ef6b46b/Gilroy-Regular.ttf]
[cdn.rawgit.com/mfd/09b70eb47474836f25a21660282ce0fd/raw/e06a670afcb2b861ed2ac4a1ef752d062ef6b46b/Gilroy-SemiboldItalic.eot]
[cdn.rawgit.com/mfd/09b70eb47474836f25a21660282ce0fd/raw/e06a670afcb2b861ed2ac4a1ef752d062ef6b46b/Gilroy-SemiboldItalicd41d.eot]
[cdn.rawgit.com/mfd/09b70eb47474836f25a21660282ce0fd/raw/e06a670afcb2b861ed2ac4a1ef752d062ef6b46b/Gilroy-SemiboldItalic.woff]
[cdn.rawgit.com/mfd/09b70eb47474836f25a21660282ce0fd/raw/e06a670afcb2b861ed2ac4a1ef752d062ef6b46b/Gilroy-SemiboldItalic.ttf]
[cdn.rawgit.com/mfd/09b70eb47474836f25a21660282ce0fd/raw/e06a670afcb2b861ed2ac4a1ef752d062ef6b46b/Gilroy-Medium.eot]
[cdn.rawgit.com/mfd/09b70eb47474836f25a21660282ce0fd/raw/e06a670afcb2b861ed2ac4a1ef752d062ef6b46b/Gilroy-Mediumd41d.eot]
[cdn.rawgit.com/mfd/09b70eb47474836f25a21660282ce0fd/raw/e06a670afcb2b861ed2ac4a1ef752d062ef6b46b/Gilroy-Medium.woff]
[cdn.rawgit.com/mfd/09b70eb47474836f25a21660282ce0fd/raw/e06a670afcb2b861ed2ac4a1ef752d062ef6b46b/Gilroy-Medium.ttf]
[cdn.rawgit.com/mfd/09b70eb47474836f25a21660282ce0fd/raw/e06a670afcb2b861ed2ac4a1ef752d062ef6b46b/Gilroy-Bold.eot]
[cdn.rawgit.com/mfd/09b70eb47474836f25a21660282ce0fd/raw/e06a670afcb2b861ed2ac4a1ef752d062ef6b46b/Gilroy-Boldd41d.eot]
[cdn.rawgit.com/mfd/09b70eb47474836f25a21660282ce0fd/raw/e06a670afcb2b861ed2ac4a1ef752d062ef6b46b/Gilroy-Bold.woff]
[cdn.rawgit.com/mfd/09b70eb47474836f25a21660282ce0fd/raw/e06a670afcb2b861ed2ac4a1ef752d062ef6b46b/Gilroy-Bold.ttf]
[cdn.rawgit.com/mfd/09b70eb47474836f25a21660282ce0fd/raw/e06a670afcb2b861ed2ac4a1ef752d062ef6b46b/Gilroy-RegularItalic.eot]
[cdn.rawgit.com/mfd/09b70eb47474836f25a21660282ce0fd/raw/e06a670afcb2b861ed2ac4a1ef752d062ef6b46b/Gilroy-RegularItalicd41d.eot]
[cdn.rawgit.com/mfd/09b70eb47474836f25a21660282ce0fd/raw/e06a670afcb2b861ed2ac4a1ef752d062ef6b46b/Gilroy-RegularItalic.woff]
[cdn.rawgit.com/mfd/09b70eb47474836f25a21660282ce0fd/raw/e06a670afcb2b861ed2ac4a1ef752d062ef6b46b/Gilroy-RegularItalic.ttf]
[cdn.rawgit.com/mfd/09b70eb47474836f25a21660282ce0fd/raw/e06a670afcb2b861ed2ac4a1ef752d062ef6b46b/Gilroy-Light.eot]
[cdn.rawgit.com/mfd/09b70eb47474836f25a21660282ce0fd/raw/e06a670afcb2b861ed2ac4a1ef752d062ef6b46b/Gilroy-Lightd41d.eot]
[cdn.rawgit.com/mfd/09b70eb47474836f25a21660282ce0fd/raw/e06a670afcb2b861ed2ac4a1ef752d062ef6b46b/Gilroy-Light.woff]
[cdn.rawgit.com/mfd/09b70eb47474836f25a21660282ce0fd/raw/e06a670afcb2b861ed2ac4a1ef752d062ef6b46b/Gilroy-Light.ttf]
[cdn.rawgit.com/mfd/09b70eb47474836f25a21660282ce0fd/raw/e06a670afcb2b861ed2ac4a1ef752d062ef6b46b/Gilroy-LightItalic.eot]
[cdn.rawgit.com/mfd/09b70eb47474836f25a21660282ce0fd/raw/e06a670afcb2b861ed2ac4a1ef752d062ef6b46b/Gilroy-LightItalicd41d.eot]
[cdn.rawgit.com/mfd/09b70eb47474836f25a21660282ce0fd/raw/e06a670afcb2b861ed2ac4a1ef752d062ef6b46b/Gilroy-LightItalic.woff]
[cdn.rawgit.com/mfd/09b70eb47474836f25a21660282ce0fd/raw/e06a670afcb2b861ed2ac4a1ef752d062ef6b46b/Gilroy-LightItalic.ttf]
[cdn.rawgit.com/mfd/09b70eb47474836f25a21660282ce0fd/raw/e06a670afcb2b861ed2ac4a1ef752d062ef6b46b/Gilroy-Heavy.eot]
[cdn.rawgit.com/mfd/09b70eb47474836f25a21660282ce0fd/raw/e06a670afcb2b861ed2ac4a1ef752d062ef6b46b/Gilroy-Heavyd41d.eot]
[cdn.rawgit.com/mfd/09b70eb47474836f25a21660282ce0fd/raw/e06a670afcb2b861ed2ac4a1ef752d062ef6b46b/Gilroy-Heavy.woff]
[cdn.rawgit.com/mfd/09b70eb47474836f25a21660282ce0fd/raw/e06a670afcb2b861ed2ac4a1ef752d062ef6b46b/Gilroy-Heavy.ttf]
[cdn.rawgit.com/mfd/09b70eb47474836f25a21660282ce0fd/raw/e06a670afcb2b861ed2ac4a1ef752d062ef6b46b/Gilroy-MediumItalic.eot]
[cdn.rawgit.com/mfd/09b70eb47474836f25a21660282ce0fd/raw/e06a670afcb2b861ed2ac4a1ef752d062ef6b46b/Gilroy-MediumItalicd41d.eot]
[cdn.rawgit.com/mfd/09b70eb47474836f25a21660282ce0fd/raw/e06a670afcb2b861ed2ac4a1ef752d062ef6b46b/Gilroy-MediumItalic.woff]
[cdn.rawgit.com/mfd/09b70eb47474836f25a21660282ce0fd/raw/e06a670afcb2b861ed2ac4a1ef752d062ef6b46b/Gilroy-MediumItalic.ttf]
[cdn.rawgit.com/mfd/09b70eb47474836f25a21660282ce0fd/raw/e06a670afcb2b861ed2ac4a1ef752d062ef6b46b/Gilroy-Thind41d.eot]
[cdn.rawgit.com/mfd/09b70eb47474836f25a21660282ce0fd/raw/e06a670afcb2b861ed2ac4a1ef752d062ef6b46b/Gilroy-Thin.eot]
[cdn.rawgit.com/mfd/09b70eb47474836f25a21660282ce0fd/raw/e06a670afcb2b861ed2ac4a1ef752d062ef6b46b/Gilroy-Thin.woff]
[cdn.rawgit.com/mfd/09b70eb47474836f25a21660282ce0fd/raw/e06a670afcb2b861ed2ac4a1ef752d062ef6b46b/Gilroy5d0a.css]
[fonts.googleapis.com/css7a42.css]
[recoverykings.net/wp-content/themes/leverage/assets/css/vendor/bootstrap.min5d0a.css]
[recoverykings.net/wp-content/themes/leverage/assets/css/vendor/slider.min5d0a.css]
[recoverykings.net/wp-content/themes/leverage/style5d0a.css]
[cdn.rawgit.com/mfd/09b70eb47474836f25a21660282ce0fd/raw/e06a670afcb2b861ed2ac4a1ef752d062ef6b46b/Gilroy-Thin.ttf]
[recoverykings.net/wp-content/themes/leverage/assets/fonts/icons/Icons-Lineb26c.eot]
[recoverykings.net/wp-content/themes/leverage/assets/fonts/icons/Icons-Lineb26c.woff2]
[recoverykings.net/wp-content/themes/leverage/assets/fonts/icons/Icons-Lineb26c.ttf]
[recoverykings.net/wp-content/themes/leverage/assets/fonts/icons/Icons-Lineb26c.woff]
[recoverykings.net/wp-content/themes/leverage/assets/fonts/icons/Icons-Line.a7b26c.delayed]
[recoverykings.net/wp-content/themes/leverage/assets/css/vendor/icons.min5d0a.css]
[recoverykings.net/wp-content/themes/leverage/assets/css/vendor/animation.min5d0a.css]
[recoverykings.net/wp-content/themes/leverage/assets/fonts/gallery/Galleryd641.eot]
[recoverykings.net/wp-content/themes/leverage/assets/fonts/gallery/Galleryd41d.eot]
[recoverykings.net/wp-content/themes/leverage/assets/fonts/gallery/Galleryd641.woff]
[recoverykings.net/wp-content/themes/leverage/assets/fonts/gallery/Galleryd641.ttf]
[recoverykings.net/wp-content/themes/leverage/assets/fonts/gallery/Galleryd641.svg]
[recoverykings.net/wp-content/themes/leverage/assets/images/favicon.ad.delayed]
[recoverykings.net/wp-content/themes/leverage/assets/images/loading.gif]
[recoverykings.net/wp-content/themes/leverage/assets/css/vendor/gallery.min5d0a.css]
[recoverykings.net/wp-content/themes/leverage/assets/css/vendor/cookie-notice.min5d0a.css]
[recoverykings.net/wp-content/themes/leverage/assets/css/default5d0a.css]
[recoverykings.net/wp-content/themes/leverage/assets/css/theme-yellow5d0a.css]
[recoverykings.net/wp-content/themes/leverage/assets/css/support/wordpress5d0a.css]
[recoverykings.net/wp-content/themes/leverage/assets/css/support/woocommerce5d0a.css]
[c0.wp.com/p/jetpack/10.0/modules/shortcodes/img/slideshow-controls.png]
[c0.wp.com/p/jetpack/10.0/modules/shortcodes/img/slideshow-controls-2x.png]
[c0.wp.com/p/jetpack/10.0/modules/shortcodes/images/slide-nav.png]
[c0.wp.com/p/jetpack/10.0/modules/shortcodes/images/expand.png]
[c0.wp.com/p/jetpack/10.0/modules/shortcodes/images/collapse.png]
[secure.gravatar.com/images/grav-share-sprite.png]
[c0.wp.com/p/jetpack/10.0/css/jetpack.css]
[recoverykings.net/xmlrpc.php]
[i2.wp.com/recoverykings.net/wp-content/uploads/2021/03/Impulsea7a3.png]
[recoverykings.net/shop/page/2/index.html]
[recoverykings.net/shop/feed/index.html]
[i1.wp.com/recoverykings.net/wp-content/uploads/2021/04/2take1a7a3.png]
[i2.wp.com/recoverykings.net/wp-content/uploads/2021/04/Raiden1a7a3.png]
[i1.wp.com/recoverykings.net/wp-content/uploads/2021/03/Illusion_enginea7a3.png]
[i1.wp.com/recoverykings.net/wp-content/uploads/2021/03/fragmenta7a3.png]
[i0.wp.com/recoverykings.net/wp-content/uploads/2021/06/Oxida7a3.jpg]
[i2.wp.com/recoverykings.net/wp-content/uploads/2021/07/Cheraxa7a3.jpg]
[recoverykings.net/shop/indexb7c6.html]
[recoverykings.net/shop/indexddd5.html]
[recoverykings.net/shop/indexedb8.html]
[i0.wp.com/recoverykings.net/wp-content/uploads/2021/07/0xCheatsGTAVa7a3.jpg]
[recoverykings.net/shop/indexbb64.html]
[recoverykings.net/shop/index8845.html]
[i1.wp.com/recoverykings.net/wp-content/uploads/2021/05/Gta5_acca7a3.png]
[i1.wp.com/recoverykings.net/wp-content/uploads/2021/07/Midnighta7a3.jpg]
[recoverykings.net/shop/index.html]
[recoverykings.net/product-category/gta-mod-menus/feed/index.html]
[recoverykings.net/wp-json/wp/v2/product_cat/17.json]
[recoverykings.net/shop/indexd8d6.html]
[recoverykings.net/product-category/gta-mod-menus/page/2/index.html]
[i0.wp.com/recoverykings.net/wp-content/uploads/2021/08/Delusiona7a3.jpg]
[recoverykings.net/product-category/gta-mod-menus/index.html]
[c0.wp.com/p/woocommerce/5.6.0/assets/css/photoswipe/photoswipe.min.css]
[recoverykings.net/product-category/gta-mod-menus/indexedb8.html]
[recoverykings.net/product-category/gta-mod-menus/indexddd5.html]
[recoverykings.net/product-category/gta-mod-menus/indexb7c6.html]
[c0.wp.com/p/woocommerce/5.6.0/assets/css/photoswipe/default-skin/default-skin.min.css]
[recoverykings.net/product-category/gta-mod-menus/indexbb64.html]
[recoverykings.net/wp-json/wp/v2/product/1104.json]
[recoverykings.net/product-category/gta-mod-menus/indexd8d6.html]
[recoverykings.net/product-category/gta-mod-menus/index8845.html]
[recoverykings.net/product-category/gta-mod-menus/indexb786.html]
[recoverykings.net/product/impulse/feed/index.html]
[recoverykings.net/wp-json/oembed/1.0/embed9a7e.json]
[recoverykings.net/wp-json/oembed/1.0/embed5d93]
[i2.wp.com/recoverykings.net/wp-content/uploads/2021/03/Impulse1ba8.png]
[s.w.org/images/core/emoji/13.1.0/svg/1f4cc.svg]
[recoverykings.net/product-tag/gta/index.html]
[recoverykings.net/product-tag/impulse/index.html]
[s.w.org/images/core/emoji/13.1.0/svg/1f6d2.svg]
[recoverykings.net/product-tag/cheap/index.html]
[s.w.org/images/core/emoji/13.1.0/svg/1f511.svg]
[i0.wp.com/recoverykings.net/wp-content/uploads/2021/07/Phantom-X-1a7a3.jpg]
[recoverykings.net/product/phantomx/index.html]
[i2.wp.com/recoverykings.net/wp-content/uploads/2021/08/Red-Engine-1a7a3.jpg]
[c0.wp.com/p/woocommerce/5.6.0/assets/js/photoswipe/photoswipe.min.js]
[recoverykings.net/product/impulse/indexbb64.html]
[c0.wp.com/p/woocommerce/5.6.0/assets/js/photoswipe/photoswipe-ui-default.min.js]
[recoverykings.net/product/impulse/indexb786.html]
[c0.wp.com/p/woocommerce/5.6.0/assets/js/frontend/single-product.min.js]
[c0.wp.com/c/5.8/wp-includes/js/underscore.min.js]
[c0.wp.com/c/5.8/wp-includes/js/wp-util.min.js]
[recoverykings.net/product/impulse/index.html]
[c0.wp.com/p/woocommerce/5.6.0/assets/js/frontend/add-to-cart-variation.min.js]
[recoverykings.net/product/2take1/feed/index.html]
[recoverykings.net/wp-json/wp/v2/product/756.json]
[recoverykings.net/wp-json/oembed/1.0/embed533c.json]
[recoverykings.net/wp-json/oembed/1.0/embed69ba]
[i1.wp.com/recoverykings.net/wp-content/uploads/2021/04/2take11ba8.png]
[i1.wp.com/recoverykings.net/wp-content/uploads/2021/08/Standa7a3.jpg]
[recoverykings.net/product/2take1/index.html]
[recoverykings.net/wp-json/wp/v2/product/4119.json]
[recoverykings.net/product-tag/2take1/index.html]
[recoverykings.net/product-tag/popstar/index.html]
[recoverykings.net/product/2take1/indexb786.html]
[recoverykings.net/product/stand/index.html]
[recoverykings.net/wp-json/oembed/1.0/embed59e2.json]
[recoverykings.net/product/2take1/indexb7c6.html]
[recoverykings.net/product/cherax/feed/index.html]
[recoverykings.net/wp-json/oembed/1.0/embedaec8]
[i2.wp.com/recoverykings.net/wp-content/uploads/2021/07/Cherax1ba8.jpg]
[i2.wp.com/recoverykings.net/wp-content/uploads/2021/07/0xCheatsRDR2a7a3.jpg]
[i1.wp.com/recoverykings.net/wp-content/uploads/2021/07/Spotifya7a3.jpg]
[recoverykings.net/product-tag/money/index.html]
[recoverykings.net/product-tag/imgui/index.html]
[recoverykings.net/product-tag/cherax/index.html]
[i2.wp.com/recoverykings.net/wp-content/uploads/2021/08/MOSHED_OVIX6ea2.jpg]
[recoverykings.net/product/cherax/index.html]
[recoverykings.net/wp-json/wp/v2/product/5660.json]
[recoverykings.net/product/cherax/indexb7c6.html]
[recoverykings.net/product/cherax/indexf0c4.html]
[recoverykings.net/product/delusion/feed/index.html]
[recoverykings.net/wp-json/oembed/1.0/embed8a3a.json]
[recoverykings.net/wp-json/oembed/1.0/embed77f3]
[i0.wp.com/recoverykings.net/wp-content/uploads/2021/08/Delusion1ba8.jpg]
[i0.wp.com/recoverykings.net/wp-content/uploads/2021/08/Lucifera7a3.jpg]
[recoverykings.net/product/delusion/index.html]
[recoverykings.net/wp-json/wp/v2/product/479.json]
[recoverykings.net/product/delusion/indexddd5.html]
[recoverykings.net/product/delusion/indexf0c4.html]
[recoverykings.net/product-tag/delusion/index.html]
[recoverykings.net/wp-json/oembed/1.0/embed6994.json]
[recoverykings.net/product/fragment/feed/index.html]
[recoverykings.net/wp-json/oembed/1.0/embed8d06]
[i1.wp.com/recoverykings.net/wp-content/uploads/2021/03/fragment1ba8.png]
[i1.wp.com/recoverykings.net/wp-content/uploads/2021/07/0xCheatsRagea7a3.jpg]
[recoverykings.net/product/fragment/index.html]
[recoverykings.net/wp-json/wp/v2/product/3959.json]
[recoverykings.net/product-tag/fragment/index.html]
[recoverykings.net/product/fragment/indexbb64.html]
[recoverykings.net/product/0xcheats-gtav/feed/index.html]
[recoverykings.net/wp-json/oembed/1.0/embed820d.json]
[recoverykings.net/wp-json/oembed/1.0/embed67ef]
[i0.wp.com/recoverykings.net/wp-content/uploads/2021/07/0xCheatsGTAV1ba8.jpg]
[i0.wp.com/recoverykings.net/wp-content/uploads/2021/08/Netflixa7a3.jpg]
[recoverykings.net/product/0xcheats-gtav/index.html]
[recoverykings.net/product-tag/stable/index.html]
[recoverykings.net/product-tag/0xcheats/index.html]
[recoverykings.net/wp-json/wp/v2/product/3955.json]
[recoverykings.net/product/0xcheats-gtav/index6416.html]
[recoverykings.net/product-tag/best/index.html]
[recoverykings.net/wp-json/oembed/1.0/embed94ae.json]
[recoverykings.net/product/0xcheats-gtav/indexb7c6.html]
[recoverykings.net/product/midnight/feed/index.html]
[recoverykings.net/wp-json/oembed/1.0/embedad56]
[i1.wp.com/recoverykings.net/wp-content/uploads/2021/07/Midnight1ba8.jpg]
[recoverykings.net/product/midnight/index.html]
[recoverykings.net/product-tag/protections/index.html]
[recoverykings.net/product/midnight/indexf0c4.html]
[recoverykings.net/product/midnight/indexb7c6.html]
[recoverykings.net/product-tag/midnight/index.html]
[recoverykings.net/product/ilusion-engine/feed/index.html]
[recoverykings.net/wp-json/wp/v2/product/64.json]
[recoverykings.net/wp-json/oembed/1.0/embedc8c4.json]
[recoverykings.net/wp-json/oembed/1.0/embed395a]
[i1.wp.com/recoverykings.net/wp-content/uploads/2021/03/Illusion_engine1ba8.png]
[recoverykings.net/product/ilusion-engine/index.html]
[recoverykings.net/product/oxid/feed/index.html]
[recoverykings.net/wp-json/wp/v2/product/2777.json]
[recoverykings.net/product/ilusion-engine/index6416.html]
[recoverykings.net/product-tag/ilusion/index.html]
[recoverykings.net/wp-json/oembed/1.0/embedea89.json]
[recoverykings.net/wp-json/oembed/1.0/embed91cf]
[i0.wp.com/recoverykings.net/wp-content/uploads/2021/06/Oxid1ba8.jpg]
[recoverykings.net/product/oxid/index.html]
[recoverykings.net/wp-json/wp/v2/product/6116.json]
[recoverykings.net/product/ovix/feed/index.html]
[recoverykings.net/wp-json/oembed/1.0/embed85e1.json]
[recoverykings.net/wp-json/oembed/1.0/embed1d0f]
[i2.wp.com/recoverykings.net/wp-content/uploads/2021/08/MOSHED_OVIXb424.jpg]
[recoverykings.net/product/ovix/index.html]
[recoverykings.net/product-tag/cheapest/index.html]
[recoverykings.net/wp-json/wp/v2/product/41.json]
[recoverykings.net/product-tag/ovix/index.html]
[recoverykings.net/product/ovix/indexbb64.html]
[recoverykings.net/product/ovix/index8845.html]
[recoverykings.net/product/raiden/feed/index.html]
[recoverykings.net/wp-json/oembed/1.0/embed6ccc.json]
[recoverykings.net/wp-json/oembed/1.0/embed8081]
[i2.wp.com/recoverykings.net/wp-content/uploads/2021/04/Raiden11ba8.png]
[recoverykings.net/product/raiden/index.html]
[recoverykings.net/product-category/rdr2-mod-menus/feed/index.html]
[recoverykings.net/wp-json/wp/v2/product_cat/22.json]
[recoverykings.net/product-category/rdr2-mod-menus/index.html]
[recoverykings.net/product-tag/raiden/index.html]
[recoverykings.net/product/raiden/indexf0c4.html]
[recoverykings.net/wp-json/wp/v2/product/3967.json]
[recoverykings.net/product/0xcheats-rdr2/feed/index.html]
[recoverykings.net/wp-json/oembed/1.0/embeda986.json]
[recoverykings.net/wp-json/oembed/1.0/embed1c31]
[i2.wp.com/recoverykings.net/wp-content/uploads/2021/07/0xCheatsRDR21ba8.jpg]
[recoverykings.net/product/0xcheats-rdr2/index.html]
[recoverykings.net/product-category/rp-mod-menus/feed/index.html]
[recoverykings.net/wp-json/wp/v2/product_cat/57.json]
[recoverykings.net/product-category/rp-mod-menus/index.html]
[recoverykings.net/product-tag/rdr2/index.html]
[recoverykings.net/product/0xcheats-rdr2/index6416.html]
[recoverykings.net/product/redengine/feed/index.html]
[recoverykings.net/wp-json/wp/v2/product/5163.json]
[recoverykings.net/wp-json/oembed/1.0/embeda148.json]
[recoverykings.net/wp-json/oembed/1.0/embed3da6]
[i2.wp.com/recoverykings.net/wp-content/uploads/2021/08/Red-Engine-11ba8.jpg]
[recoverykings.net/product/redengine/index.html]
[recoverykings.net/product-tag/executor/index.html]
[recoverykings.net/product-tag/engine/index.html]
[recoverykings.net/product-tag/fivem/index.html]
[recoverykings.net/wp-json/wp/v2/product/3969.json]
[recoverykings.net/product-tag/red/index.html]
[recoverykings.net/product-tag/lua/index.html]
[recoverykings.net/wp-json/oembed/1.0/embed51b4.json]
[recoverykings.net/product/redengine/index8845.html]
[recoverykings.net/product/0xcheats-ragemp-full/feed/index.html]
[recoverykings.net/product/redengine/indexddd5.html]
[recoverykings.net/wp-json/oembed/1.0/embed9b83]
[i1.wp.com/recoverykings.net/wp-content/uploads/2021/07/0xCheatsRage1ba8.jpg]
[recoverykings.net/product/0xcheats-ragemp-full/index.html]
[recoverykings.net/product-tag/ragemp/index.html]
[recoverykings.net/wp-json/wp/v2/product_cat/72.json]
[recoverykings.net/product-category/tools/index.html]
[recoverykings.net/product/0xcheats-ragemp-full/indexd8d6.html]
[recoverykings.net/product/0xcheats-ragemp-full/indexb786.html]
[recoverykings.net/product-category/tools/feed/index.html]
[recoverykings.net/wp-json/wp/v2/product/5144.json]
[recoverykings.net/product/lucifer/feed/index.html]
[recoverykings.net/wp-json/oembed/1.0/embed7e3c.json]
[recoverykings.net/wp-json/oembed/1.0/embed4380]
[i0.wp.com/recoverykings.net/wp-content/uploads/2021/08/Lucifer1ba8.jpg]
[recoverykings.net/product/lucifer/index.html]
[recoverykings.net/product-tag/discord/index.html]
[recoverykings.net/product-tag/giveaway/index.html]
[recoverykings.net/product-tag/bot/index.html]
[recoverykings.net/product-tag/nitro/index.html]
[recoverykings.net/product-tag/lucifer/index.html]
[recoverykings.net/product-tag/selfbot/index.html]
[recoverykings.net/product-tag/sniper/index.html]
[recoverykings.net/product/lucifer/indexb786.html]
[recoverykings.net/wp-json/wp/v2/product_cat/64.json]
[recoverykings.net/product-category/accounts/index.html]
[recoverykings.net/product/lucifer/index6416.html]
[recoverykings.net/product-category/accounts/feed/index.html]
[recoverykings.net/product/gta-accounts/feed/index.html]
[recoverykings.net/product-category/accounts/index6416.html]
[recoverykings.net/wp-json/wp/v2/product/1493.json]
[recoverykings.net/wp-json/oembed/1.0/embed7115.json]
[recoverykings.net/wp-json/oembed/1.0/embedcbef]
[i1.wp.com/recoverykings.net/wp-content/uploads/2021/05/Gta5_acc1ba8.png]
[recoverykings.net/product/gta-accounts/index.html]
[recoverykings.net/product-tag/modded/index.html]
[recoverykings.net/product-tag/accounts/index.html]
[recoverykings.net/product/gta-accounts/indexbb64.html]
[recoverykings.net/product/gta-accounts/indexb786.html]
[recoverykings.net/wp-json/wp/v2/product/5079.json]
[recoverykings.net/product/netflix/feed/index.html]
[recoverykings.net/product/gta-accounts/indexddd5.html]
[recoverykings.net/wp-json/oembed/1.0/embede496.json]
[recoverykings.net/wp-json/oembed/1.0/embed3257]
[i0.wp.com/recoverykings.net/wp-content/uploads/2021/08/Netflix1ba8.jpg]
[recoverykings.net/product/netflix/index.html]
[recoverykings.net/product-tag/netlfix/index.html]
[recoverykings.net/product-tag/premium/index.html]
[recoverykings.net/wp-json/wp/v2/product/4191.json]
[recoverykings.net/product-tag/lifetime/index.html]
[recoverykings.net/product-tag/upgrade/index.html]
[recoverykings.net/product/netflix/indexddd5.html]
[recoverykings.net/wp-json/oembed/1.0/embede9a4.json]
[recoverykings.net/product/spotify/feed/index.html]
[recoverykings.net/product/netflix/indexb786.html]
[recoverykings.net/wp-json/oembed/1.0/embedd552]
[i1.wp.com/recoverykings.net/wp-content/uploads/2021/07/Spotify1ba8.jpg]
[recoverykings.net/product/spotify/index.html]
[recoverykings.net/product-tag/spotify/index.html]
[recoverykings.net/wp-json/wp/v2/pages/956.json]
[recoverykings.net/product/spotify/indexddd5.html]
[recoverykings.net/product/spotify/indexbb64.html]
[recoverykings.net/product/spotify/indexb7c6.html]
[recoverykings.net/wp-json/oembed/1.0/embed4ae6.json]
[recoverykings.net/wp-json/oembed/1.0/embed865b]
[i1.wp.com/recoverykings.net/wp-content/uploads/2021/05/4isxY5c106.jpg]
[recoverykings.net/wp-content/uploads/2021/03/Impulse.png]
[recoverykings.net/wp-content/uploads/2021/04/2take1.png]
[recoverykings.net/wp-content/uploads/2021/03/fragment.png]
[recoverykings.net/wp-content/uploads/2021/03/Ozark.png]
[recoverykings.net/wp-content/uploads/2021/03/Illusion_engine.png]
[recoverykings.net/wp-content/uploads/2021/08/Stand.jpg]
[recoverykings.net/paypal/index.html]
[recoverykings.net/wp-json/wp/v2/pages/1282.json]
[recoverykings.net/wp-json/oembed/1.0/embede64b.json]
[recoverykings.net/wp-json/oembed/1.0/embedbcdc]
[i2.wp.com/recoverykings.net/wp-content/uploads/2021/06/GTA-5-Wallpaper-Desktopc106.jpg]
[i2.wp.com/recoverykings.net/wp-content/uploads/2021/07/Astrobf23.png]
[i2.wp.com/recoverykings.net/wp-content/uploads/2021/06/Pepegabf23.png]
[i1.wp.com/recoverykings.net/wp-content/uploads/2021/06/ZeroTwobf23.png]
[i0.wp.com/recoverykings.net/wp-content/uploads/2021/06/Gravitybf23.png]
[i2.wp.com/recoverykings.net/wp-content/uploads/2021/06/Kiddionsbf23.png]
[recoverykings.net/free-mod-menus/index.html]
[recoverykings.net/wp-json/wp/v2/pages/1559.json]
[recoverykings.net/wp-json/oembed/1.0/embedc408.json]
[recoverykings.net/wp-json/oembed/1.0/embed77ac]
[i2.wp.com/recoverykings.net/wp-content/uploads/2021/05/zNPon378b0.jpg]
[i2.wp.com/recoverykings.net/wp-content/uploads/2021/03/Impulse465b.png]
[recoverykings.net/help-section/index.html]
[c0.wp.com/p/woocommerce/5.6.0/assets/css/select2.css]
[c0.wp.com/c/5.8/wp-includes/js/zxcvbn-async.min.js]
[recoverykings.net/wp-json/wp/v2/pages/11.json]
[recoverykings.net/wp-json/oembed/1.0/embedbd52.json]
[recoverykings.net/wp-json/oembed/1.0/embed73d6]
[c0.wp.com/p/woocommerce/5.6.0/assets/js/selectWoo/selectWoo.full.min.js]
[c0.wp.com/c/5.8/wp-includes/js/dist/vendor/regenerator-runtime.min.js]
[recoverykings.net/my-account/lost-password/index.html]
[c0.wp.com/c/5.8/wp-includes/js/dist/vendor/wp-polyfill.min.js]
[c0.wp.com/c/5.8/wp-includes/js/dist/hooks.min.js]
[c0.wp.com/c/5.8/wp-includes/js/dist/i18n.min.js]
[c0.wp.com/c/5.8/wp-admin/js/password-strength-meter.min.js]
[recoverykings.net/my-account/index.html]
[c0.wp.com/p/woocommerce/5.6.0/assets/js/frontend/password-strength-meter.min.js]
[recoverykings.net/wp-content/uploads/2021/02/786409205371764817.png]
[recoverykings.net/discord.html]
[www.gstatic.com/ac/cb/cb_yt_logo_d_header_118x26_4dfe7c3d17767ffd2294ae90fb54337e.png]
[consent.youtube.com/ml9f13.html]
[consent.youtube.com/dl9f13.html]
[consent.youtube.com/ml3834.html]
[consent.youtube.com/dl3834.html]
[recoverykings.net/wp-json/wp/v2/pages/854.json]
[recoverykings.net/wp-json/oembed/1.0/embed61c0.json]
[recoverykings.net/wp-json/oembed/1.0/embed5201]
[recoverykings.net/terms-and-conditions/index.html]
[recoverykings.net/wp-json/wp/v2/pages/3.json]
[recoverykings.net/privacy-policy/feed/index.html]
[recoverykings.net/wp-json/oembed/1.0/embed3ae9.json]
[recoverykings.net/wp-json/oembed/1.0/embed18a8]
[recoverykings.net/privacy-policy/index.html]
[media.discordapp.net/attachments/827187669712502814/827258050841673738/Imber_LogoArtboard_1.png]
[imber.cc/discord.html]
[embed.tawk.to/_s/v4/app/6127f5ffb81/js/twk-vendor.js]
[embed.tawk.to/_s/v4/app/6127f5ffb81/js/twk-chunk-vendors.js]
[embed.tawk.to/_s/v4/app/6127f5ffb81/js/twk-chunk-common.js]
[embed.tawk.to/_s/v4/app/6127f5ffb81/js/twk-runtime.js]
[embed.tawk.to/_s/v4/app/6127f5ffb81/js/twk-app.js]
[embed.tawk.to/_s/v4/app/6127f5ffb81/js/twk-promise-polyfill.js]
[embed.tawk.to/_s/v4/app/6127f5ffb81/js/twk-iterator-polyfill.js]
[embed.tawk.to/603aa5b4385de407571ac6cb/1evihei96.js]
[c0.wp.com/c/5.8/wp-includes/js/mediaelement/mejs-controls.svg]
[recoverykings.net/wp-content/plugins/woomotiv/fonts/woomotiv169c.svg]
[embed.tawk.to/_s/v4/app/6127f5ffb81/js/twk-entries-polyfill.js]
[recoverykings.net/wp-content/themes/leverage/assets/fonts/icons/Icons-Lineb26c.html]
[recoverykings.net/wp-content/themes/leverage/assets/fonts/gallery/Galleryd641.svg]
[recoverykings.net/wp-content/themes/leverage/assets/images/favicon.html]
[recoverykings.net/shop/page/2/index.html]
[recoverykings.net/shop/indexddd5.html]
[recoverykings.net/shop/page/2/indexb786.html]
[recoverykings.net/shop/page/2/indexf0c4.html]
[recoverykings.net/shop/indexedb8.html]
[recoverykings.net/shop/indexb7c6.html]
[recoverykings.net/shop/page/2/index6416.html]
[recoverykings.net/shop/indexbb64.html]
[recoverykings.net/shop/index8845.html]
[recoverykings.net/shop/indexd8d6.html]
[recoverykings.net/cart/index.html]
[recoverykings.net/product-category/gta-mod-menus/page/2/index.html]
[recoverykings.net/product-category/gta-mod-menus/indexddd5.html]
[recoverykings.net/product-category/gta-mod-menus/indexedb8.html]
[recoverykings.net/product-category/gta-mod-menus/indexb7c6.html]
[recoverykings.net/product-category/gta-mod-menus/page/2/indexf0c4.html]
[recoverykings.net/product-category/gta-mod-menus/indexbb64.html]
[recoverykings.net/product-category/gta-mod-menus/index8845.html]
[recoverykings.net/product-category/gta-mod-menus/indexd8d6.html]
[recoverykings.net/product-category/gta-mod-menus/indexb786.html]
[c0.wp.com/p/woocommerce/5.6.0/assets/css/photoswipe/default-skin/default-skin.png]
[c0.wp.com/p/woocommerce/5.6.0/assets/css/photoswipe/photoswipe.min.css]
[c0.wp.com/p/woocommerce/5.6.0/assets/css/photoswipe/default-skin/default-skin.svg]
[c0.wp.com/p/woocommerce/5.6.0/assets/css/photoswipe/default-skin/preloader.gif]
[c0.wp.com/p/woocommerce/5.6.0/assets/css/photoswipe/default-skin/default-skin.min.css]
[recoverykings.net/index994c.html]
[recoverykings.net/product-tag/cheap/feed/index.html]
[recoverykings.net/product-tag/cheap/page/2/index.html]
[recoverykings.net/wp-json/wp/v2/product_tag/27.json]
[recoverykings.net/product-tag/cheap/index.html]
[recoverykings.net/product-tag/cheap/indexb7c6.html]
[recoverykings.net/product-tag/cheap/indexbb64.html]
[recoverykings.net/product-tag/cheap/indexddd5.html]
[recoverykings.net/product-tag/cheap/indexedb8.html]
[recoverykings.net/wp-json/wp/v2/product_tag/29.json]
[recoverykings.net/product-tag/gta/page/2/index.html]
[recoverykings.net/product-tag/cheap/indexd8d6.html]
[recoverykings.net/product-tag/gta/index.html]
[recoverykings.net/product-tag/cheap/index8845.html]
[recoverykings.net/product-tag/gta/indexedb8.html]
[recoverykings.net/product-tag/gta/indexddd5.html]
[recoverykings.net/product-tag/gta/indexb7c6.html]
[recoverykings.net/product-tag/gta/feed/index.html]
[recoverykings.net/product-tag/gta/indexbb64.html]
[recoverykings.net/product-tag/gta/index8845.html]
[recoverykings.net/wp-json/wp/v2/product_tag/42.json]
[recoverykings.net/product-tag/impulse/index.html]
[s.w.org/images/core/emoji/13.1.0/svg/1f4cc.svg]
[s.w.org/images/core/emoji/13.1.0/svg/1f6d2.svg]
[s.w.org/images/core/emoji/13.1.0/svg/1f511.svg]
[s.w.org/images/core/emoji/13.1.0/svg/2753.svg]
[recoverykings.net/product-tag/gta/indexd8d6.html]
[recoverykings.net/product-tag/impulse/feed/index.html]
[recoverykings.net/wp-json/wp/v2/product/3910.json]
[recoverykings.net/product/phantomx/feed/index.html]
[recoverykings.net/wp-json/oembed/1.0/embeddcda.json]
[recoverykings.net/wp-json/oembed/1.0/embed7c6d]
[i0.wp.com/recoverykings.net/wp-content/uploads/2021/07/Phantom-X-11ba8.jpg]
[recoverykings.net/product/phantomx/index.html]
[recoverykings.net/product/impulse/indexbb64.html]
[recoverykings.net/product/phantomx/indexd8d6.html]
[recoverykings.net/product/impulse/indexedb8.html]
[recoverykings.net/product/impulse/index6416.html]
[recoverykings.net/product/impulse/indexb786.html]
[recoverykings.net/index79e7.html]
[recoverykings.net/product-tag/phantom-x/index.html]
[recoverykings.net/wp-json/wp/v2/product_tag/28.json]
[recoverykings.net/product-tag/2take1/index.html]
[recoverykings.net/product/impulse/indexb7c6.html]
[recoverykings.net/product/impulse/index8845.html]
[recoverykings.net/product-tag/2take1/feed/index.html]
[recoverykings.net/wp-json/wp/v2/product_tag/30.json]
[recoverykings.net/product-tag/popstar/index.html]
[recoverykings.net/product/2take1/indexb786.html]
[recoverykings.net/product-tag/popstar/feed/index.html]
[recoverykings.net/wp-json/wp/v2/product/5457.json]
[recoverykings.net/product/2take1/indexedb8.html]
[recoverykings.net/product/2take1/indexddd5.html]
[recoverykings.net/product/2take1/indexd8d6.html]
[recoverykings.net/product/stand/feed/index.html]
[recoverykings.net/wp-json/oembed/1.0/embed7cbd.json]
[recoverykings.net/wp-json/oembed/1.0/embed161d]
[i1.wp.com/recoverykings.net/wp-content/uploads/2021/08/Stand1ba8.jpg]
[recoverykings.net/product/stand/index.html]
[recoverykings.net/product-tag/stand/index.html]
[recoverykings.net/product/2take1/indexb7c6.html]
[recoverykings.net/product-tag/basic/index.html]
[recoverykings.net/product/stand/indexbb64.html]
[recoverykings.net/indexb6cf.html]
[recoverykings.net/product-tag/sane/index.html]
[recoverykings.net/product-tag/toxic/index.html]
[recoverykings.net/product-tag/watch_dogs/index.html]
[recoverykings.net/product-tag/cherax/feed/index.html]
[recoverykings.net/wp-json/wp/v2/product_tag/59.json]
[recoverykings.net/product-tag/cherax/index.html]
[recoverykings.net/product-tag/imgui/feed/index.html]
[recoverykings.net/wp-json/wp/v2/product_tag/53.json]
[recoverykings.net/product-tag/imgui/index.html]
[recoverykings.net/product-tag/cherax/index8845.html]
[recoverykings.net/wp-json/wp/v2/product_tag/34.json]
[recoverykings.net/product-tag/money/index.html]
[recoverykings.net/product-tag/imgui/indexd8d6.html]
[recoverykings.net/product-tag/imgui/index8845.html]
[recoverykings.net/product-tag/money/indexedb8.html]
[recoverykings.net/product-tag/money/indexb7c6.html]
[recoverykings.net/product-tag/money/indexbb64.html]
[recoverykings.net/product-tag/money/indexb786.html]
[recoverykings.net/product-tag/money/index8845.html]
[recoverykings.net/product/cherax/indexf0c4.html]
[recoverykings.net/product/cherax/indexb7c6.html]
[recoverykings.net/indexc6f1.html]
[recoverykings.net/product-tag/money/index6416.html]
[recoverykings.net/product-tag/money/feed/index.html]
[recoverykings.net/wp-json/wp/v2/product_tag/83.json]
[recoverykings.net/product-tag/delusion/index.html]
[recoverykings.net/product/delusion/indexf0c4.html]
[recoverykings.net/product-tag/delusion/indexb786.html]
[recoverykings.net/product/delusion/indexddd5.html]
[recoverykings.net/product/delusion/indexedb8.html]
[recoverykings.net/product/delusion/indexbb64.html]
[recoverykings.net/index5657.html]
[recoverykings.net/product-tag/delusion/feed/index.html]
[recoverykings.net/product/delusion/index8845.html]
[recoverykings.net/product/delusion/indexb7c6.html]
[recoverykings.net/product-tag/fragment/feed/index.html]
[recoverykings.net/wp-json/wp/v2/product_tag/33.json]
[recoverykings.net/product-tag/fragment/index.html]
[recoverykings.net/product/fragment/indexbb64.html]
[recoverykings.net/indexb533.html]
[recoverykings.net/product-tag/fragment/indexbb64.html]
[recoverykings.net/product-tag/fragment/indexb7c6.html]
[recoverykings.net/product/fragment/indexd8d6.html]
[recoverykings.net/wp-json/wp/v2/product_tag/54.json]
[recoverykings.net/product-tag/0xcheats/index.html]
[recoverykings.net/product-tag/0xcheats/feed/index.html]
[recoverykings.net/product-tag/best/feed/index.html]
[recoverykings.net/wp-json/wp/v2/product_tag/56.json]
[recoverykings.net/product-tag/best/index.html]
[recoverykings.net/product-tag/stable/feed/index.html]
[recoverykings.net/wp-json/wp/v2/product_tag/55.json]
[recoverykings.net/product-tag/stable/index.html]
[recoverykings.net/product/0xcheats-gtav/index6416.html]
[recoverykings.net/product/0xcheats-gtav/indexb7c6.html]
[recoverykings.net/indexc4e2.html]
[recoverykings.net/wp-json/wp/v2/product_tag/51.json]
[recoverykings.net/product/0xcheats-gtav/indexf0c4.html]
[recoverykings.net/product-tag/midnight/index.html]
[recoverykings.net/product/0xcheats-gtav/indexddd5.html]
[recoverykings.net/product/0xcheats-gtav/indexb786.html]
[recoverykings.net/product-tag/midnight/indexd8d6.html]
[recoverykings.net/wp-json/wp/v2/product_tag/52.json]
[recoverykings.net/product-tag/protections/index.html]
[recoverykings.net/product-tag/protections/feed/index.html]
[recoverykings.net/product/midnight/indexf0c4.html]
[recoverykings.net/product-tag/protections/indexd8d6.html]
[recoverykings.net/product/midnight/indexddd5.html]
[recoverykings.net/product/midnight/indexb7c6.html]
[recoverykings.net/index8cd4.html]
[recoverykings.net/product-tag/midnight/feed/index.html]
[recoverykings.net/product/midnight/indexedb8.html]
[recoverykings.net/wp-json/wp/v2/product_tag/39.json]
[recoverykings.net/product-tag/ilusion/index.html]
[recoverykings.net/product/ilusion-engine/index6416.html]
[recoverykings.net/product-tag/ilusion/indexedb8.html]
[recoverykings.net/index0e16.html]
[recoverykings.net/product/ilusion-engine/indexd8d6.html]
[recoverykings.net/indexf8bf.html]
[recoverykings.net/product/ilusion-engine/indexf0c4.html]
[recoverykings.net/product-tag/ilusion/feed/index.html]
[recoverykings.net/product/ilusion-engine/indexbb64.html]
[recoverykings.net/wp-json/wp/v2/product_tag/85.json]
[recoverykings.net/product-tag/cheapest/index.html]
[recoverykings.net/product-tag/cheapest/feed/index.html]
[recoverykings.net/wp-json/wp/v2/product_tag/84.json]
[recoverykings.net/product-tag/ovix/index.html]
[recoverykings.net/product/ovix/index8845.html]
[recoverykings.net/product-tag/cheapest/indexf0c4.html]
[recoverykings.net/product/ovix/indexbb64.html]
[recoverykings.net/indexcbb6.html]
[recoverykings.net/product-tag/ovix/indexf0c4.html]
[recoverykings.net/product/ovix/indexb7c6.html]
[recoverykings.net/product-tag/ovix/feed/index.html]
[recoverykings.net/product-tag/raiden/feed/index.html]
[recoverykings.net/wp-json/wp/v2/product_tag/40.json]
[recoverykings.net/product-tag/raiden/index.html]
[recoverykings.net/product/raiden/indexf0c4.html]
[recoverykings.net/index66ba.html]
[recoverykings.net/product-tag/raiden/indexddd5.html]
[recoverykings.net/product/raiden/indexbb64.html]
[recoverykings.net/product/raiden/indexb7c6.html]
[recoverykings.net/product-tag/rdr2/feed/index.html]
[recoverykings.net/wp-json/wp/v2/product_tag/38.json]
[recoverykings.net/product-tag/rdr2/index.html]
[recoverykings.net/product/0xcheats-rdr2/index6416.html]
[recoverykings.net/indexbdd4.html]
[recoverykings.net/wp-json/wp/v2/product_tag/75.json]
[recoverykings.net/product-tag/engine/index.html]
[recoverykings.net/product/0xcheats-rdr2/indexedb8.html]
[recoverykings.net/product/0xcheats-rdr2/indexb786.html]
[recoverykings.net/product-tag/engine/feed/index.html]
[recoverykings.net/wp-json/wp/v2/product_tag/77.json]
[recoverykings.net/product-tag/executor/index.html]
[recoverykings.net/product-tag/executor/feed/index.html]
[recoverykings.net/product-tag/fivem/feed/index.html]
[recoverykings.net/wp-json/wp/v2/product_tag/73.json]
[recoverykings.net/product-tag/fivem/index.html]
[recoverykings.net/wp-json/wp/v2/product_tag/76.json]
[recoverykings.net/product-tag/lua/index.html]
[recoverykings.net/product-tag/lua/feed/index.html]
[recoverykings.net/product-tag/red/feed/index.html]
[recoverykings.net/wp-json/wp/v2/product_tag/74.json]
[recoverykings.net/product-tag/red/index.html]
[recoverykings.net/product/redengine/index8845.html]
[recoverykings.net/product/redengine/indexddd5.html]
[recoverykings.net/index1b8a.html]
[recoverykings.net/product/redengine/indexb7c6.html]
[recoverykings.net/product/redengine/indexbb64.html]
[recoverykings.net/product/redengine/indexd8d6.html]
[recoverykings.net/product/redengine/indexb786.html]
[recoverykings.net/wp-json/wp/v2/product_tag/58.json]
[recoverykings.net/product-tag/ragemp/index.html]
[recoverykings.net/product/0xcheats-ragemp-full/indexd8d6.html]
[recoverykings.net/product/0xcheats-ragemp-full/indexb786.html]
[recoverykings.net/index4023.html]
[recoverykings.net/product-tag/ragemp/feed/index.html]
[recoverykings.net/wp-json/wp/v2/product_tag/68.json]
[recoverykings.net/product-tag/bot/index.html]
[recoverykings.net/product-tag/discord/index.html]
[recoverykings.net/product/0xcheats-ragemp-full/indexf0c4.html]
[recoverykings.net/product/0xcheats-ragemp-full/index6416.html]
[recoverykings.net/product-tag/bot/feed/index.html]
[recoverykings.net/wp-json/wp/v2/product_tag/71.json]
[recoverykings.net/product-tag/giveaway/index.html]
[recoverykings.net/product-tag/giveaway/feed/index.html]
[recoverykings.net/product-tag/lucifer/feed/index.html]
[recoverykings.net/wp-json/wp/v2/product_tag/65.json]
[recoverykings.net/product-tag/lucifer/index.html]
[recoverykings.net/product-tag/nitro/feed/index.html]
[recoverykings.net/wp-json/wp/v2/product_tag/70.json]
[recoverykings.net/product-tag/nitro/index.html]
[recoverykings.net/product-tag/selfbot/feed/index.html]
[recoverykings.net/wp-json/wp/v2/product_tag/66.json]
[recoverykings.net/product-tag/selfbot/index.html]
[recoverykings.net/product-tag/sniper/feed/index.html]
[recoverykings.net/wp-json/wp/v2/product_tag/69.json]
[recoverykings.net/product-tag/sniper/index.html]
[recoverykings.net/product/lucifer/indexb786.html]
[recoverykings.net/product/lucifer/index6416.html]
[recoverykings.net/product/lucifer/indexb7c6.html]
[recoverykings.net/product/lucifer/indexbb64.html]
[recoverykings.net/product/lucifer/index8845.html]
[recoverykings.net/product-category/accounts/index6416.html]
[recoverykings.net/indexd58a.html]
[recoverykings.net/product/lucifer/indexf0c4.html]
[recoverykings.net/product-tag/accounts/feed/index.html]
[recoverykings.net/wp-json/wp/v2/product_tag/48.json]
[recoverykings.net/product-tag/accounts/index.html]
[recoverykings.net/product-tag/modded/feed/index.html]
[recoverykings.net/wp-json/wp/v2/product_tag/49.json]
[recoverykings.net/product-tag/modded/index.html]
[recoverykings.net/product/gta-accounts/indexbb64.html]
[recoverykings.net/product/gta-accounts/indexb786.html]
[recoverykings.net/product/gta-accounts/indexb7c6.html]
[recoverykings.net/product/gta-accounts/index8845.html]
[recoverykings.net/product/gta-accounts/indexddd5.html]
[recoverykings.net/indexb8f8.html]
[recoverykings.net/product/gta-accounts/indexd8d6.html]
[recoverykings.net/product/gta-accounts/indexf0c4.html]
[stats.wp.com/s-202134.js]
[recoverykings.net/product-tag/lifetime/feed/index.html]
[recoverykings.net/wp-json/wp/v2/product_tag/61.json]
[recoverykings.net/product-tag/lifetime/index.html]
[stats.wp.com/e-202134.js]
[recoverykings.net/wp-json/wp/v2/product_tag/62.json]
[recoverykings.net/product-tag/netlfix/index.html]
[recoverykings.net/product-tag/netlfix/feed/index.html]
[recoverykings.net/product-tag/lifetime/index6416.html]
[recoverykings.net/product-tag/netlfix/index6416.html]
[recoverykings.net/wp-json/wp/v2/product_tag/63.json]
[recoverykings.net/product-tag/premium/index.html]
[recoverykings.net/product-tag/premium/feed/index.html]
[recoverykings.net/wp-json/wp/v2/product_tag/41.json]
[recoverykings.net/product-tag/upgrade/index.html]
[recoverykings.net/product-tag/premium/index6416.html]
[recoverykings.net/product/netflix/indexddd5.html]
[recoverykings.net/product-tag/upgrade/index6416.html]
[recoverykings.net/product/netflix/index8845.html]
[recoverykings.net/product/netflix/indexb786.html]
[recoverykings.net/indexa8df.html]
[recoverykings.net/product-tag/upgrade/feed/index.html]
[recoverykings.net/product-tag/spotify/feed/index.html]
[recoverykings.net/wp-json/wp/v2/product_tag/60.json]
[recoverykings.net/product-tag/spotify/index.html]
[recoverykings.net/product/spotify/indexddd5.html]
[recoverykings.net/product/netflix/indexf0c4.html]
[recoverykings.net/product/spotify/indexbb64.html]
[recoverykings.net/product/spotify/indexb7c6.html]
[recoverykings.net/indexe947.html]
[recoverykings.net/indexad28.html]
[recoverykings.net/index8fe5.html]
[c0.wp.com/p/woocommerce/5.6.0/assets/css/select2.css]
[recoverykings.net/index5757.html]
[recoverykings.net/product/spotify/indexd8d6.html]
[recoverykings.net/product/spotify/indexb786.html]
[recoverykings.net/product/spotify/indexedb8.html]
[c0.wp.com/p/woocommerce/5.6.0/assets/js/frontend/lost-password.min.js]
[recoverykings.net/my-account/lost-password/index.html]
[www.gstatic.com/ac/cb/cb_cbu_mobile_browser_menu_1_48x48_c689939b1e0c50b9eedcd734cd361e6c.png]
[consent.youtube.com/dl9f13.html]
[consent.youtube.com/dl3834.html]
[recoverykings.net/index461a.html]
[recoverykings.net/index2207.html]
[recoverykings.net/shop/page/2/indexb786.html]
[recoverykings.net/shop/page/2/indexf0c4.html]
[recoverykings.net/shop/page/2/index6416.html]
[recoverykings.net/shop/page/1/index.html]
[recoverykings.net/wp-content/plugins/woo-conditional-product-fees-for-checkout/admin/css/font-awesome.min3ab2.css]
[recoverykings.net/wp-json/wp/v2/pages/9.json]
[recoverykings.net/wp-json/oembed/1.0/embedf9da.json]
[recoverykings.net/wp-json/oembed/1.0/embed4aa9]
[i2.wp.com/recoverykings.net/wp-content/plugins/woo-conditional-product-fees-for-checkout/public/images/custom_checkout_loading563b.gif]
[c0.wp.com/p/woocommerce/5.6.0/assets/js/frontend/country-select.min.js]
[recoverykings.net/checkout/index.html]
[c0.wp.com/p/woocommerce/5.6.0/assets/js/frontend/address-i18n.min.js]
[recoverykings.net/cart/index.html]
[recoverykings.net/product-category/gta-mod-menus/page/2/indexf0c4.html]
[recoverykings.net/product-category/gta-mod-menus/page/1/index.html]
[c0.wp.com/p/woocommerce/5.6.0/assets/css/photoswipe/default-skin/default-skin.svg]
[recoverykings.net/product-tag/cheap/page/2/index.html]
[c0.wp.com/p/woocommerce/5.6.0/assets/js/frontend/cart.min.js]
[recoverykings.net/product-tag/cheap/page/2/indexf0c4.html]
[recoverykings.net/product-tag/cheap/indexddd5.html]
[recoverykings.net/product-tag/cheap/indexedb8.html]
[recoverykings.net/product-tag/cheap/indexb7c6.html]
[recoverykings.net/product-tag/cheap/indexbb64.html]
[recoverykings.net/product-tag/cheap/index8845.html]
[recoverykings.net/product-tag/cheap/indexd8d6.html]
[recoverykings.net/product-tag/cheap/page/2/index6416.html]
[recoverykings.net/product-tag/gta/page/2/index.html]
[recoverykings.net/product-tag/cheap/page/2/indexb786.html]
[recoverykings.net/product-tag/gta/page/2/indexb786.html]
[recoverykings.net/product-tag/gta/indexddd5.html]
[recoverykings.net/product-tag/gta/indexedb8.html]
[recoverykings.net/product-tag/gta/indexb7c6.html]
[recoverykings.net/product-tag/gta/indexbb64.html]
[recoverykings.net/product-tag/gta/index8845.html]
[recoverykings.net/product-tag/gta/indexd8d6.html]
[recoverykings.net/indexe1d2.html]
[recoverykings.net/product-tag/gta/page/2/indexf0c4.html]
[recoverykings.net/product-tag/phantom-x/feed/index.html]
[recoverykings.net/wp-json/wp/v2/product_tag/50.json]
[recoverykings.net/product-tag/phantom-x/index.html]
[recoverykings.net/product/phantomx/indexd8d6.html]
[recoverykings.net/product/impulse/indexedb8.html]
[recoverykings.net/product/impulse/index6416.html]
[recoverykings.net/product/impulse/indexb7c6.html]
[recoverykings.net/product/impulse/index8845.html]
[recoverykings.net/product/2take1/indexedb8.html]
[recoverykings.net/product/2take1/indexddd5.html]
[recoverykings.net/product/phantomx/indexbb64.html]
[recoverykings.net/product/2take1/indexd8d6.html]
[recoverykings.net/index2cf7.html]
[recoverykings.net/product/impulse/indexd8d6.html]
[recoverykings.net/product/2take1/index8845.html]
[recoverykings.net/product/2take1/index6416.html]
[recoverykings.net/product-tag/basic/feed/index.html]
[recoverykings.net/wp-json/wp/v2/product_tag/80.json]
[recoverykings.net/product-tag/basic/index.html]
[recoverykings.net/product-tag/sane/feed/index.html]
[recoverykings.net/wp-json/wp/v2/product_tag/79.json]
[recoverykings.net/product-tag/sane/index.html]
[recoverykings.net/product-tag/stand/feed/index.html]
[recoverykings.net/wp-json/wp/v2/product_tag/78.json]
[recoverykings.net/product-tag/stand/index.html]
[recoverykings.net/product-tag/toxic/feed/index.html]
[recoverykings.net/wp-json/wp/v2/product_tag/81.json]
[recoverykings.net/product-tag/toxic/index.html]
[recoverykings.net/wp-json/wp/v2/product_tag/82.json]
[recoverykings.net/product-tag/watch_dogs/index.html]
[recoverykings.net/product/stand/indexbb64.html]
[recoverykings.net/product-tag/watch_dogs/feed/index.html]
[recoverykings.net/product/stand/indexd8d6.html]
[recoverykings.net/product-tag/cherax/index8845.html]
[recoverykings.net/product-tag/imgui/index8845.html]
[recoverykings.net/product-tag/imgui/indexd8d6.html]
[recoverykings.net/product-tag/money/indexedb8.html]
[recoverykings.net/product-tag/money/indexb7c6.html]
[recoverykings.net/product-tag/money/indexbb64.html]
[recoverykings.net/product-tag/money/index8845.html]
[recoverykings.net/product-tag/money/indexb786.html]
[recoverykings.net/product/stand/indexb786.html]
[recoverykings.net/product/stand/indexedb8.html]
[recoverykings.net/product/stand/index6416.html]
[recoverykings.net/product-tag/money/index6416.html]
[recoverykings.net/product-tag/delusion/indexb786.html]
[recoverykings.net/product/delusion/indexedb8.html]
[recoverykings.net/product/delusion/indexbb64.html]
[recoverykings.net/product/delusion/index8845.html]
[recoverykings.net/product/delusion/indexb7c6.html]
[recoverykings.net/product-tag/fragment/indexb7c6.html]
[recoverykings.net/product-tag/fragment/indexbb64.html]
[recoverykings.net/product/fragment/indexd8d6.html]
[recoverykings.net/product/0xcheats-gtav/indexb786.html]
[recoverykings.net/product/delusion/indexd8d6.html]
[recoverykings.net/product/0xcheats-gtav/indexbb64.html]
[recoverykings.net/product/0xcheats-gtav/index8845.html]
[recoverykings.net/product/0xcheats-gtav/indexddd5.html]
[recoverykings.net/product/0xcheats-gtav/indexf0c4.html]
[recoverykings.net/product-tag/midnight/indexd8d6.html]
[recoverykings.net/product-tag/protections/indexd8d6.html]
[recoverykings.net/product/midnight/indexddd5.html]
[recoverykings.net/product/midnight/indexedb8.html]
[recoverykings.net/product-tag/ilusion/indexedb8.html]
[recoverykings.net/product/0xcheats-gtav/indexedb8.html]
[recoverykings.net/product/ilusion-engine/indexd8d6.html]
[recoverykings.net/product/ilusion-engine/index8845.html]
[recoverykings.net/product/ilusion-engine/indexb786.html]
[recoverykings.net/product/ilusion-engine/indexf0c4.html]
[recoverykings.net/product/ilusion-engine/indexbb64.html]
[recoverykings.net/product-tag/cheapest/indexf0c4.html]
[recoverykings.net/product-tag/ovix/indexf0c4.html]
[recoverykings.net/product/midnight/index8845.html]
[recoverykings.net/product/ovix/indexb7c6.html]
[recoverykings.net/product-tag/raiden/indexddd5.html]
[recoverykings.net/product/raiden/indexb7c6.html]
[recoverykings.net/product/ilusion-engine/indexddd5.html]
[recoverykings.net/product/raiden/indexbb64.html]
[recoverykings.net/product/raiden/index8845.html]
[recoverykings.net/product/0xcheats-rdr2/indexb786.html]
[recoverykings.net/product/ovix/indexddd5.html]
[recoverykings.net/product/raiden/indexb786.html]
[recoverykings.net/product/0xcheats-rdr2/indexbb64.html]
[recoverykings.net/product/0xcheats-rdr2/indexd8d6.html]
[recoverykings.net/product/0xcheats-rdr2/indexedb8.html]
[recoverykings.net/product/0xcheats-rdr2/index8845.html]
[recoverykings.net/product/redengine/indexb7c6.html]
[recoverykings.net/product/redengine/indexbb64.html]
[recoverykings.net/product/0xcheats-rdr2/indexb7c6.html]
[recoverykings.net/product/0xcheats-rdr2/indexf0c4.html]
[recoverykings.net/product/redengine/index6416.html]
[recoverykings.net/product/redengine/indexb786.html]
[recoverykings.net/product/redengine/indexd8d6.html]
[recoverykings.net/product/0xcheats-ragemp-full/indexf0c4.html]
[recoverykings.net/product/0xcheats-ragemp-full/index6416.html]
[recoverykings.net/product/lucifer/indexb7c6.html]
[recoverykings.net/product/redengine/indexf0c4.html]
[recoverykings.net/product/lucifer/index8845.html]
[recoverykings.net/product/0xcheats-ragemp-full/indexbb64.html]
[recoverykings.net/product/0xcheats-ragemp-full/indexb7c6.html]
[recoverykings.net/product/lucifer/indexbb64.html]
[recoverykings.net/product/lucifer/indexf0c4.html]
[recoverykings.net/product/lucifer/indexedb8.html]
[recoverykings.net/product/gta-accounts/indexd8d6.html]
[recoverykings.net/product/gta-accounts/indexb7c6.html]
[recoverykings.net/product/gta-accounts/indexf0c4.html]
[recoverykings.net/product/gta-accounts/index8845.html]
[recoverykings.net/product-tag/lifetime/index6416.html]
[recoverykings.net/product-tag/netlfix/index6416.html]
[recoverykings.net/product-tag/premium/index6416.html]
[recoverykings.net/product-tag/upgrade/index6416.html]
[recoverykings.net/product/netflix/index8845.html]
[recoverykings.net/product/gta-accounts/indexedb8.html]
[recoverykings.net/product/gta-accounts/index6416.html]
[recoverykings.net/product/lucifer/indexddd5.html]
[recoverykings.net/product/netflix/indexf0c4.html]
[recoverykings.net/product/spotify/indexd8d6.html]
[recoverykings.net/product/spotify/indexb786.html]
[recoverykings.net/product/spotify/indexedb8.html]
[recoverykings.net/wp-content/plugins/woo-conditional-product-fees-for-checkout/admin/fonts/fontawesome-webfont5b62.eot]
[recoverykings.net/product/spotify/indexf0c4.html]
[recoverykings.net/product/netflix/indexb7c6.html]
[recoverykings.net/wp-content/plugins/woo-conditional-product-fees-for-checkout/admin/fonts/fontawesome-webfontd41d.eot]
[recoverykings.net/product/spotify/index8845.html]
[recoverykings.net/wp-content/plugins/woo-conditional-product-fees-for-checkout/admin/fonts/fontawesome-webfont5b62.woff2]
[recoverykings.net/wp-content/plugins/woo-conditional-product-fees-for-checkout/admin/fonts/fontawesome-webfont5b62.woff]
[recoverykings.net/wp-content/plugins/woo-conditional-product-fees-for-checkout/admin/fonts/fontawesome-webfont5b62.ttf]
[recoverykings.net/wp-content/plugins/woo-conditional-product-fees-for-checkout/admin/css/font-awesome.min3ab2.css]
[recoverykings.net/indexb5fb.html]
[recoverykings.net/cart/index2229.html]
[recoverykings.net/cart/indexae79.html]
[recoverykings.net/cart/indexa14a.html]
[recoverykings.net/cart/index6165.html]
[recoverykings.net/cart/index53c9.html]
[recoverykings.net/cart/index1410.html]
[recoverykings.net/cart/index60e9.html]
[recoverykings.net/cart/index90df.html]
[recoverykings.net/cart/index483c.html]
[recoverykings.net/wp-content/plugins/woo-conditional-product-fees-for-checkout/admin/fonts/fontawesome-webfont5b62.svg]
[recoverykings.net/cart/indexaafe.html]
[recoverykings.net/wp-json/wp/v2/pages/10.json]
[recoverykings.net/wp-json/oembed/1.0/embed06d2.json]
[recoverykings.net/wp-json/oembed/1.0/embedd3a8]
[recoverykings.net/wp-content/plugins/woo-stripe-payment/assets/img/cards/amex.svg]
[recoverykings.net/wp-content/plugins/woo-stripe-payment/assets/img/cards/discover.svg]
[recoverykings.net/wp-content/plugins/woo-stripe-payment/assets/img/cards/visa.svg]
[recoverykings.net/wp-content/plugins/woo-stripe-payment/assets/img/cards/mastercard.svg]
[recoverykings.net/wp-content/plugins/woo-stripe-payment/assets/css/stripe.min7433.css]
[recoverykings.net/wp-content/plugins/woo-checkout-field-editor-pro/public/assets/js/thwcfd-public.minb493.js]
[c0.wp.com/p/woocommerce/5.6.0/assets/js/frontend/checkout.min.js]
[recoverykings.net/wp-content/plugins/woo-stripe-payment/assets/js/frontend/form-handler.min7433.js]
[recoverykings.net/wp-content/plugins/woo-stripe-payment/assets/js/frontend/wc-stripe.min7433.js]
[recoverykings.net/wp-content/plugins/woo-stripe-payment/assets/js/frontend/promise-polyfill.min.js]
[recoverykings.net/wp-content/plugins/woo-stripe-payment/assets/js/frontend/credit-card.min7433.js]
[recoverykings.net/checkout/index.html]
[recoverykings.net/product-tag/cheap/page/2/indexb786.html]
[recoverykings.net/product-tag/cheap/page/2/indexf0c4.html]
[recoverykings.net/product-tag/cheap/page/2/index6416.html]
[recoverykings.net/product-tag/cheap/page/1/index.html]
[recoverykings.net/product-tag/gta/page/2/indexb786.html]
[recoverykings.net/product-tag/gta/page/2/indexf0c4.html]
[recoverykings.net/product-tag/gta/page/1/index.html]
[recoverykings.net/product/phantomx/indexbb64.html]
[recoverykings.net/product/phantomx/indexf0c4.html]
[recoverykings.net/product/impulse/indexf0c4.html]
[recoverykings.net/product/phantomx/index8845.html]
[recoverykings.net/product/impulse/indexd8d6.html]
[recoverykings.net/product/2take1/index8845.html]
[recoverykings.net/product/phantomx/indexddd5.html]
[recoverykings.net/product/2take1/index6416.html]
[recoverykings.net/product/stand/indexd8d6.html]
[recoverykings.net/product/stand/indexb786.html]
[recoverykings.net/product/stand/indexedb8.html]
[recoverykings.net/product/stand/index6416.html]
[recoverykings.net/product/delusion/indexd8d6.html]
[recoverykings.net/product/2take1/indexbb64.html]
[recoverykings.net/product/0xcheats-gtav/indexedb8.html]
[recoverykings.net/product/0xcheats-gtav/indexbb64.html]
[recoverykings.net/product/0xcheats-gtav/index8845.html]
[recoverykings.net/product/midnight/index8845.html]
[recoverykings.net/product/ilusion-engine/index8845.html]
[recoverykings.net/product/ilusion-engine/indexb786.html]
[recoverykings.net/product/ilusion-engine/indexddd5.html]
[recoverykings.net/product/ovix/indexddd5.html]
[recoverykings.net/product/2take1/indexf0c4.html]
[recoverykings.net/product/stand/indexddd5.html]
[recoverykings.net/product/raiden/indexb786.html]
[recoverykings.net/product/raiden/index8845.html]
[recoverykings.net/product/0xcheats-rdr2/indexbb64.html]
[recoverykings.net/product/0xcheats-rdr2/indexd8d6.html]
[recoverykings.net/product/0xcheats-rdr2/index8845.html]
[recoverykings.net/product/0xcheats-rdr2/indexf0c4.html]
[recoverykings.net/product/0xcheats-rdr2/indexb7c6.html]
[recoverykings.net/product/0xcheats-gtav/indexd8d6.html]
[recoverykings.net/product/redengine/index6416.html]
[recoverykings.net/product/redengine/indexf0c4.html]
[recoverykings.net/product/raiden/indexedb8.html]
[recoverykings.net/product/0xcheats-ragemp-full/indexbb64.html]
[recoverykings.net/product/0xcheats-ragemp-full/indexb7c6.html]
[recoverykings.net/product/0xcheats-rdr2/indexddd5.html]
[recoverykings.net/product/redengine/indexedb8.html]
[recoverykings.net/product/lucifer/indexedb8.html]
[recoverykings.net/product/lucifer/indexddd5.html]
[recoverykings.net/product/gta-accounts/indexedb8.html]
[recoverykings.net/product/gta-accounts/index6416.html]
[recoverykings.net/product/netflix/indexb7c6.html]
[recoverykings.net/product/spotify/indexf0c4.html]
[recoverykings.net/product/spotify/index8845.html]
[recoverykings.net/product/0xcheats-ragemp-full/index8845.html]
[recoverykings.net/wp-content/plugins/woo-conditional-product-fees-for-checkout/admin/fonts/fontawesome-webfont5b62.svg]
[recoverykings.net/product/lucifer/indexd8d6.html]
[i2.wp.com/recoverykings.net/wp-content/plugins/woo-conditional-product-fees-for-checkout/public/images/custom_checkout_loading0863.gif]
[recoverykings.net/cart/indexaafe.html]
[recoverykings.net/wp-content/plugins/woo-checkout-field-editor-pro/public/assets/css/thwcfd-public.min41a3.css]
[recoverykings.net/index64b4.html]
[recoverykings.net/cart/index013c.html]
[recoverykings.net/cart/index08c2.html]
[recoverykings.net/cart/indexa20e.html]
[recoverykings.net/cart/index5f2b.html]
[recoverykings.net/wp-content/plugins/woo-stripe-payment/assets/img/cards/amex.svg]
[recoverykings.net/wp-content/plugins/woo-stripe-payment/assets/img/cards/discover.svg]
[recoverykings.net/wp-content/plugins/woo-stripe-payment/assets/img/cards/visa.svg]
[recoverykings.net/wp-content/plugins/woo-stripe-payment/assets/img/cards/mastercard.svg]
[recoverykings.net/wp-content/plugins/woo-stripe-payment/assets/img/cards/diners.svg]
[recoverykings.net/wp-content/plugins/woo-stripe-payment/assets/img/cards/jcb.svg]
[recoverykings.net/wp-content/plugins/woo-stripe-payment/assets/img/sepa.svg]
[recoverykings.net/wp-content/plugins/woo-stripe-payment/assets/css/stripe.min7433.css]
[recoverykings.net/product/phantomx/indexddd5.html]
[recoverykings.net/product/phantomx/indexf0c4.html]
[recoverykings.net/product/phantomx/index8845.html]
[recoverykings.net/product/impulse/indexf0c4.html]
[recoverykings.net/product/2take1/indexbb64.html]
[recoverykings.net/product/2take1/indexf0c4.html]
[recoverykings.net/product/phantomx/indexb786.html]
[recoverykings.net/product/impulse/indexddd5.html]
[recoverykings.net/product/stand/indexf0c4.html]
[recoverykings.net/product/stand/indexddd5.html]
[recoverykings.net/product/0xcheats-gtav/indexd8d6.html]
[recoverykings.net/product/raiden/indexedb8.html]
[recoverykings.net/product/stand/indexb7c6.html]
[recoverykings.net/product/0xcheats-rdr2/indexddd5.html]
[recoverykings.net/product/redengine/indexedb8.html]
[recoverykings.net/product/0xcheats-ragemp-full/index8845.html]
[recoverykings.net/product/lucifer/indexd8d6.html]
[recoverykings.net/wp-content/plugins/woo-stripe-payment/assets/img/cards/diners.svg]
[recoverykings.net/wp-content/plugins/woo-stripe-payment/assets/img/cards/jcb.svg]
[recoverykings.net/wp-content/plugins/woo-stripe-payment/assets/img/sepa.svg]
[recoverykings.net/product/phantomx/indexb786.html]
[recoverykings.net/product/impulse/indexddd5.html]
[recoverykings.net/product/stand/indexb7c6.html]
[recoverykings.net/product/stand/indexf0c4.html]
[recoverykings.net/product/phantomx/index6416.html]
[recoverykings.net/product/phantomx/index6416.html]
[recoverykings.net/product/phantomx/indexedb8.html]
[recoverykings.net/product/phantomx/indexedb8.html]
[recoverykings.net/product/stand/index8845.html]
[recoverykings.net/product/stand/index8845.html]
